// Jest Snapshot v1, https://goo.gl/fbAQLP

exports[`<Container /> render the container component 1`] = `
<RCTSafeAreaView
  emulateUnlessSupported={true}
  style={
    Array [
      Object {
        "backgroundColor": "#f6f6f6",
      },
      Object {
        "alignItems": "center",
        "flex": 1,
        "justifyContent": "center",
        "paddingHorizontal": 20,
        "paddingTop": null,
      },
    ]
  }
  testID="container"
/>
`;
