// Jest Snapshot v1, https://goo.gl/fbAQLP

exports[`<Progress /> render the Progress screen 1`] = `
<View
  style={
    Object {
      "alignItems": "center",
      "flexDirection": "row",
      "justifyContent": "space-around",
      "width": 625,
    }
  }
  testID="progressContainer"
>
  <View>
    <RNSVGSvgView
      bbHeight={120}
      bbWidth={120}
      focusable={false}
      height={120}
      style={
        Array [
          Object {
            "backgroundColor": "transparent",
            "borderWidth": 0,
          },
          Object {
            "flex": 0,
            "height": 120,
            "width": 120,
          },
        ]
      }
      width={120}
    >
      <RNSVGGroup>
        <RNSVGGroup
          matrix={
            Array [
              1,
              0,
              -0,
              1,
              0,
              0,
            ]
          }
        >
          <RNSVGPath
            d="M 59.96701327930773 7.500010363084286 A 52.5 52.5 0 1 0 60 7.5"
            fill={0}
            propList={
              Array [
                "fill",
                "stroke",
                "strokeWidth",
                "strokeLinecap",
              ]
            }
            stroke={4284612846}
            strokeLinecap={0}
            strokeWidth={15}
          />
        </RNSVGGroup>
      </RNSVGGroup>
    </RNSVGSvgView>
    <View
      style={
        Object {
          "alignItems": "center",
          "borderRadius": 45,
          "height": 90,
          "justifyContent": "center",
          "left": 15,
          "overflow": "hidden",
          "position": "absolute",
          "top": 15,
          "width": 90,
        }
      }
    >
      <Text
        style={
          Array [
            Object {
              "fontFamily": "Roboto-MediumItalic",
              "fontSize": 26,
            },
            Object {
              "color": undefined,
            },
          ]
        }
      >
         
        0
        %
         
      </Text>
    </View>
  </View>
  <View>
    <Text
      style={
        Array [
          Object {
            "fontFamily": "Roboto-Regular",
            "fontSize": 20,
          },
          Object {
            "color": "#000000",
          },
        ]
      }
    >
       
      Daily
       progress
       
    </Text>
    <Text
      style={
        Array [
          Object {
            "fontSize": 18,
          },
          Object {
            "color": undefined,
          },
        ]
      }
    >
       
      2
      /
      20
       tasks done
       
    </Text>
  </View>
</View>
`;
